
> tbp-dashboard@0.1.0 dev
> next dev

▲ Next.js 16.2.9 (Turbopack)
- Local:         http://localhost:3000
- Network:       http://192.168.55.53:3000
- Environments: .env.local
✓ Ready in 558ms

 GET / 307 in 352ms (next.js: 196ms, application-code: 157ms)
 GET /portal/login 200 in 447ms (next.js: 100ms, application-code: 346ms)
[browser] A tree hydrated but some attributes of the server rendered HTML didn't match the client properties. This won't be patched up. This can happen if a SSR-ed Client Component used:

- A server/client branch `if (typeof window !== 'undefined')`.
- Variable input such as `Date.now()` or `Math.random()` which changes each time it's called.
- Date formatting in a user's locale which doesn't match the server.
- External changing data without sending a snapshot of it along with the HTML.
- Invalid HTML tag nesting.

It can also happen if the client has a browser extension installed which messes with the HTML before React loaded.

https://react.dev/link/hydration-mismatch

  ...
    <InnerScrollAndFocusHandlerOld focusAndScrollRef={{scrollRef:null, ...}} cacheNode={{rsc:{...}, ...}}>
      <ErrorBoundary errorComponent={undefined} errorStyles={undefined} errorScripts={undefined}>
        <LoadingBoundary name="login/" loading={null}>
          <HTTPAccessFallbackBoundary notFound={undefined} forbidden={undefined} unauthorized={undefined}>
            <RedirectBoundary>
              <RedirectErrorBoundary router={{...}}>
                <InnerLayoutRouter url="/portal/login" tree={[...]} params={{}} cacheNode={{rsc:{...}, ...}} ...>
                  <SegmentViewNode type="page" pagePath="portal/log...">
                    <SegmentTrieNode>
                    <ClientPageRoot Component={function PortalLoginPage} serverProvidedParams={{...}}>
                      <PortalLoginPage params={Promise} searchParams={Promise}>
                        <main style={{...}}>
                          <div style={{width:"100%", ...}}>
                            <div>
                            <form onSubmit={function handleSubmit} style={{...}}>
                              <label>
                              <input
                                type="email"
                                value=""
                                onChange={function onChange}
                                placeholder="you@tbp.dev"
                                autoFocus={true}
                                style={{width:"100%",padding:"10px 12px",borderRadius:8,border:"1px solid ...",background:"#0A1624",color:"...", ...}}
-                               fdprocessedid="m722vp"
                              >
                              <label>
                              <input
                                type="password"
                                value=""
                                onChange={function onChange}
                                placeholder={"Admins only — leave blank if you're a Circle Member"}
                                style={{width:"100%",padding:"10px 12px",borderRadius:8,border:"1px solid ...",background:"#0A1624",color:"...", ...}}
-                               fdprocessedid="m4e56f"
                              >
                              ...
                  ...
                ...
      ...
 
 GET /portal/login 200 in 165ms (next.js: 17ms, application-code: 149ms)
 GET /dashboard 200 in 217ms (next.js: 121ms, application-code: 97ms)
 GET /portal/messages 200 in 240ms (next.js: 143ms, application-code: 97ms)
 GET /portal/applications 200 in 210ms (next.js: 138ms, application-code: 72ms)
 GET /portal 200 in 382ms (next.js: 119ms, application-code: 263ms)
 GET /portal/account 200 in 198ms (next.js: 118ms, application-code: 80ms)
 GET /dashboard 200 in 76ms (next.js: 16ms, application-code: 60ms)
 GET /portal/manage-users 200 in 241ms (next.js: 132ms, application-code: 109ms)
 GET /portal/admin-requests 200 in 203ms (next.js: 120ms, application-code: 83ms)
 GET /portal/applications 200 in 91ms (next.js: 13ms, application-code: 78ms)
 GET /portal/profiles/review 200 in 250ms (next.js: 133ms, application-code: 117ms)
 GET /portal/opportunities/manage 200 in 205ms (next.js: 111ms, application-code: 94ms)
 GET /portal/manage-users 200 in 60ms (next.js: 9ms, application-code: 51ms)
 GET /portal/admin-requests 200 in 73ms (next.js: 10ms, application-code: 63ms)
 GET /portal/login 200 in 144ms (next.js: 10ms, application-code: 135ms)
 GET /dashboard 200 in 172ms (next.js: 12ms, application-code: 160ms)
 GET /portal/applications 200 in 96ms (next.js: 11ms, application-code: 85ms)
 GET /portal/admin-requests 200 in 93ms (next.js: 11ms, application-code: 82ms)
 GET /portal/applications 200 in 80ms (next.js: 9ms, application-code: 71ms)
 GET /portal/profiles/review 200 in 83ms (next.js: 9ms, application-code: 74ms)
 GET /portal/manage-users 200 in 74ms (next.js: 10ms, application-code: 65ms)
 GET /portal/opportunities 200 in 237ms (next.js: 123ms, application-code: 114ms)
 GET /portal/manage-users 200 in 79ms (next.js: 10ms, application-code: 70ms)
 GET /portal/admin-requests 200 in 70ms (next.js: 8ms, application-code: 62ms)
 GET /portal/admin-requests 200 in 323ms (next.js: 13ms, application-code: 310ms)
✓ Compiled in 1749ms
✓ Compiled in 97ms
 GET /portal/admin-requests 200 in 1009ms (next.js: 466ms, application-code: 544ms)
 GET /portal/admin-requests 200 in 252ms (next.js: 10ms, application-code: 242ms)
 GET /portal/admin-requests 200 in 177ms (next.js: 13ms, application-code: 164ms)
 GET /portal/admin-requests 200 in 177ms (next.js: 54ms, application-code: 123ms)
 GET /portal/admin-requests 200 in 176ms (next.js: 93ms, application-code: 83ms)
 GET /portal/admin-requests 200 in 176ms (next.js: 128ms, application-code: 48ms)
✓ Compiled in 245ms
 GET /portal/admin-requests 200 in 131ms (next.js: 73ms, application-code: 58ms)
 GET /portal/admin-requests 200 in 120ms (next.js: 81ms, application-code: 39ms)
 GET /portal/admin-requests 200 in 135ms (next.js: 56ms, application-code: 80ms)
 GET /portal/admin-requests 200 in 118ms (next.js: 70ms, application-code: 47ms)
 GET /portal/admin-requests 200 in 114ms (next.js: 62ms, application-code: 51ms)
 GET /portal/admin-requests 200 in 356ms (next.js: 104ms, application-code: 252ms)
 GET /portal/admin-requests 200 in 203ms (next.js: 8ms, application-code: 195ms)
 GET /portal/admin-requests 200 in 198ms (next.js: 44ms, application-code: 153ms)
 GET /portal/admin-requests 200 in 201ms (next.js: 78ms, application-code: 123ms)
 GET /portal/admin-requests 200 in 205ms (next.js: 9ms, application-code: 196ms)
 GET /portal/admin-requests 200 in 227ms (next.js: 109ms, application-code: 119ms)
 GET /portal/admin-requests 200 in 227ms (next.js: 6ms, application-code: 221ms)
 GET /portal/admin-requests 200 in 185ms (next.js: 12ms, application-code: 173ms)
 GET /portal/admin-requests 200 in 153ms (next.js: 4ms, application-code: 149ms)
 GET /portal/admin-requests 200 in 153ms (next.js: 65ms, application-code: 88ms)
 GET /portal/admin-requests 200 in 57ms (next.js: 29ms, application-code: 28ms)
 GET /portal/admin-requests 200 in 96ms (next.js: 43ms, application-code: 53ms)
 GET /portal/admin-requests 200 in 125ms (next.js: 4ms, application-code: 121ms)
 GET /portal/admin-requests 200 in 127ms (next.js: 21ms, application-code: 106ms)
 GET /portal/admin-requests 200 in 110ms (next.js: 23ms, application-code: 87ms)
 GET /portal/admin-requests 200 in 93ms (next.js: 23ms, application-code: 70ms)
 GET /portal/admin-requests 200 in 57ms (next.js: 8ms, application-code: 49ms)
 GET /portal/admin-requests 200 in 57ms (next.js: 26ms, application-code: 31ms)
 GET /portal/admin-requests 200 in 157ms (next.js: 5ms, application-code: 152ms)
 GET /portal/admin-requests 200 in 159ms (next.js: 27ms, application-code: 132ms)
 GET /portal/admin-requests 200 in 157ms (next.js: 70ms, application-code: 87ms)
 GET /portal/admin-requests 200 in 159ms (next.js: 43ms, application-code: 116ms)
 GET /portal/admin-requests 200 in 73ms (next.js: 5ms, application-code: 68ms)
 GET /portal/admin-requests 200 in 156ms (next.js: 33ms, application-code: 124ms)
 GET /portal/admin-requests 200 in 134ms (next.js: 4ms, application-code: 131ms)
 GET /portal/admin-requests 200 in 113ms (next.js: 29ms, application-code: 84ms)
 GET /portal/admin-requests 200 in 135ms (next.js: 25ms, application-code: 111ms)
 GET /portal/admin-requests 200 in 114ms (next.js: 47ms, application-code: 67ms)
 GET /portal/admin-requests 200 in 55ms (next.js: 4ms, application-code: 51ms)
 GET /portal/admin-requests 200 in 118ms (next.js: 4ms, application-code: 114ms)
 GET /portal/admin-requests 200 in 148ms (next.js: 6ms, application-code: 142ms)
 GET /portal/admin-requests 200 in 148ms (next.js: 27ms, application-code: 121ms)
 GET /portal/admin-requests 200 in 126ms (next.js: 24ms, application-code: 101ms)
 GET /portal/admin-requests 200 in 126ms (next.js: 44ms, application-code: 82ms)
 GET /portal/admin-requests 200 in 69ms (next.js: 7ms, application-code: 62ms)
 GET /portal/admin-requests 200 in 139ms (next.js: 5ms, application-code: 134ms)
 GET /portal/admin-requests 200 in 147ms (next.js: 5ms, application-code: 142ms)
 GET /portal/admin-requests 200 in 147ms (next.js: 30ms, application-code: 117ms)
 GET /portal/admin-requests 200 in 123ms (next.js: 30ms, application-code: 93ms)
 GET /portal/admin-requests 200 in 123ms (next.js: 54ms, application-code: 68ms)
 GET /portal/admin-requests 200 in 52ms (next.js: 3ms, application-code: 49ms)
 GET /portal/admin-requests 200 in 119ms (next.js: 2ms, application-code: 117ms)
 GET /portal/admin-requests 200 in 115ms (next.js: 3ms, application-code: 111ms)
 GET /portal/admin-requests 200 in 115ms (next.js: 19ms, application-code: 96ms)
 GET /portal/admin-requests 200 in 115ms (next.js: 35ms, application-code: 80ms)
 GET /portal/admin-requests 200 in 85ms (next.js: 21ms, application-code: 64ms)
 GET /portal/admin-requests 200 in 51ms (next.js: 3ms, application-code: 48ms)
 GET /portal/admin-requests 200 in 147ms (next.js: 4ms, application-code: 143ms)
 GET /portal/admin-requests 200 in 121ms (next.js: 5ms, application-code: 116ms)
 GET /portal/admin-requests 200 in 122ms (next.js: 25ms, application-code: 97ms)
 GET /portal/admin-requests 200 in 122ms (next.js: 39ms, application-code: 83ms)
 GET /portal/admin-requests 200 in 128ms (next.js: 40ms, application-code: 88ms)
 GET /portal/admin-requests 200 in 95ms (next.js: 37ms, application-code: 58ms)
 GET /portal/admin-requests 200 in 152ms (next.js: 5ms, application-code: 147ms)
 GET /portal/admin-requests 200 in 121ms (next.js: 29ms, application-code: 92ms)
 GET /portal/admin-requests 200 in 123ms (next.js: 5ms, application-code: 118ms)
 GET /portal/admin-requests 200 in 75ms (next.js: 26ms, application-code: 50ms)
 GET /portal/admin-requests 200 in 125ms (next.js: 52ms, application-code: 73ms)
 GET /portal/admin-requests 200 in 50ms (next.js: 4ms, application-code: 45ms)
 GET /portal/admin-requests 200 in 157ms (next.js: 9ms, application-code: 148ms)
 GET /portal/admin-requests 200 in 157ms (next.js: 31ms, application-code: 126ms)
 GET /portal/admin-requests 200 in 155ms (next.js: 54ms, application-code: 101ms)
 GET /portal/admin-requests 200 in 110ms (next.js: 25ms, application-code: 85ms)
 GET /portal/admin-requests 200 in 90ms (next.js: 29ms, application-code: 61ms)
 GET /portal/admin-requests 200 in 71ms (next.js: 5ms, application-code: 67ms)
 GET /portal/admin-requests 200 in 117ms (next.js: 6ms, application-code: 111ms)
 GET /portal/admin-requests 200 in 93ms (next.js: 23ms, application-code: 69ms)
 GET /portal/admin-requests 200 in 118ms (next.js: 28ms, application-code: 90ms)
 GET /portal/admin-requests 200 in 53ms (next.js: 24ms, application-code: 29ms)
 GET /portal/admin-requests 200 in 55ms (next.js: 3ms, application-code: 52ms)
✓ Compiled in 129ms
 GET /portal/admin-requests 200 in 139ms (next.js: 76ms, application-code: 63ms)
 GET /portal/login 200 in 575ms (next.js: 87ms, application-code: 487ms)
 GET /portal/opportunities 200 in 543ms (next.js: 153ms, application-code: 389ms)
 GET /portal/events 200 in 2.1s (next.js: 2.1s, application-code: 44ms)
 GET /portal/login 200 in 36ms (next.js: 3ms, application-code: 33ms)
 GET /portal/login 200 in 104ms (next.js: 15ms, application-code: 89ms)
 GET /portal 200 in 516ms (next.js: 354ms, application-code: 162ms)
 GET /portal/opportunities 200 in 88ms (next.js: 12ms, application-code: 76ms)
 GET /portal/events 200 in 83ms (next.js: 12ms, application-code: 71ms)
[browser] Image with src "/events/tashkent-square-mile-roundtable.jpeg" has "fill" but is missing "sizes" prop. Please add it to improve page performance. Read more: https://nextjs.org/docs/api-reference/next/image#sizes
[browser] Image with src "/events/central-asia-corridor-roundtable.jpeg" has "fill" but is missing "sizes" prop. Please add it to improve page performance. Read more: https://nextjs.org/docs/api-reference/next/image#sizes
[browser] Image with src "/events/central-asia-invitation.jpeg" has "fill" but is missing "sizes" prop. Please add it to improve page performance. Read more: https://nextjs.org/docs/api-reference/next/image#sizes
 GET /portal/login 200 in 77ms (next.js: 13ms, application-code: 64ms)
 GET /dashboard 200 in 228ms (next.js: 140ms, application-code: 88ms)
 GET /portal/admin-requests 200 in 92ms (next.js: 11ms, application-code: 81ms)
 GET /portal/opportunities/manage 200 in 454ms (next.js: 317ms, application-code: 138ms)
 GET /portal/events 200 in 76ms (next.js: 8ms, application-code: 68ms)
 GET /portal/opportunities/manage 200 in 82ms (next.js: 11ms, application-code: 70ms)
 GET /portal/applications 200 in 439ms (next.js: 287ms, application-code: 152ms)
 GET /portal 200 in 64ms (next.js: 10ms, application-code: 54ms)
 GET /portal/account 200 in 420ms (next.js: 305ms, application-code: 115ms)
 GET /dashboard 200 in 136ms (next.js: 8ms, application-code: 128ms)
 GET /portal/login 200 in 98ms (next.js: 14ms, application-code: 84ms)
 GET /dashboard 200 in 96ms (next.js: 16ms, application-code: 79ms)
 GET /portal/account 200 in 87ms (next.js: 14ms, application-code: 73ms)
 GET /portal/opportunities/manage 200 in 97ms (next.js: 13ms, application-code: 84ms)
 GET /portal/opportunities 200 in 72ms (next.js: 9ms, application-code: 63ms)
 GET /portal/account 200 in 61ms (next.js: 7ms, application-code: 54ms)
 GET /portal/events 200 in 84ms (next.js: 10ms, application-code: 74ms)
 GET /portal/messages 200 in 500ms (next.js: 319ms, application-code: 181ms)
 GET /portal/opportunities/manage 200 in 78ms (next.js: 10ms, application-code: 68ms)
 GET /portal/profiles/review 200 in 446ms (next.js: 323ms, application-code: 123ms)
 GET /portal/login 200 in 59ms (next.js: 8ms, application-code: 51ms)
 GET /portal 200 in 75ms (next.js: 8ms, application-code: 66ms)
 GET /portal/account 200 in 72ms (next.js: 8ms, application-code: 64ms)
 GET /portal/opportunities 200 in 117ms (next.js: 11ms, application-code: 106ms)
 GET /portal/events 200 in 82ms (next.js: 9ms, application-code: 73ms)
✓ Compiled in 518ms
 GET /portal/admin-requests 200 in 783ms (next.js: 166ms, application-code: 618ms)
 GET /portal/events 200 in 787ms (next.js: 85ms, application-code: 702ms)
 GET /portal/events 200 in 416ms (next.js: 131ms, application-code: 285ms)
 GET /portal/admin-requests 200 in 206ms (next.js: 33ms, application-code: 173ms)
 GET /portal/events 200 in 125ms (next.js: 9ms, application-code: 116ms)
 GET /portal/events 200 in 126ms (next.js: 54ms, application-code: 73ms)
 GET /portal/events 200 in 368ms (next.js: 57ms, application-code: 311ms)
 GET /portal/admin-requests 200 in 369ms (next.js: 246ms, application-code: 122ms)
 GET /portal/admin-requests 200 in 98ms (next.js: 61ms, application-code: 36ms)
 GET /portal/admin-requests 200 in 130ms (next.js: 38ms, application-code: 93ms)
 GET /portal/events 200 in 382ms (next.js: 13ms, application-code: 369ms)
 GET /dashboard 200 in 823ms (next.js: 70ms, application-code: 753ms)
[browser] Image with src "/events/central-asia-corridor-roundtable.jpeg" has "fill" but is missing "sizes" prop. Please add it to improve page performance. Read more: https://nextjs.org/docs/api-reference/next/image#sizes
[browser] Image with src "/events/central-asia-invitation.jpeg" has "fill" but is missing "sizes" prop. Please add it to improve page performance. Read more: https://nextjs.org/docs/api-reference/next/image#sizes
[browser] Image with src "/events/tashkent-square-mile-roundtable.jpeg" has "fill" but is missing "sizes" prop. Please add it to improve page performance. Read more: https://nextjs.org/docs/api-reference/next/image#sizes
[browser] Image with src "/events/central-asia-corridor-roundtable.jpeg" was detected as the Largest Contentful Paint (LCP). Please add the `loading="eager"` property if this image is above the fold.
Read more: https://nextjs.org/docs/app/api-reference/components/image#loading
 GET /portal/messages 200 in 148ms (next.js: 55ms, application-code: 93ms)
 GET /portal/login 200 in 188ms (next.js: 70ms, application-code: 118ms)
 GET /dashboard 200 in 109ms (next.js: 12ms, application-code: 97ms)
 GET /portal/opportunities 200 in 163ms (next.js: 51ms, application-code: 112ms)
 GET /portal/account 200 in 127ms (next.js: 46ms, application-code: 81ms)
 GET /dashboard 200 in 68ms (next.js: 8ms, application-code: 60ms)
 GET /portal/opportunities 200 in 72ms (next.js: 9ms, application-code: 64ms)
 GET /portal/account 200 in 129ms (next.js: 10ms, application-code: 118ms)
 GET /dashboard 200 in 94ms (next.js: 20ms, application-code: 73ms)
